[2025-12-01 21:47:24] production.ERROR: No application encryption key has been specified. {"exception":"[object] (Illuminate\\Encryption\\MissingAppKeyException(code: 0): No application encryption key has been specified. at /home/sss/AmyLeeGaerty_6.2B_SSS/contactApp/contactApp/vendor/laravel/framework/src/Illuminate/Encryption/EncryptionServiceProvider.php:79)
[stacktrace]
#0 /home/sss/AmyLeeGaerty_6.2B_SSS/contactApp/contactApp/vendor/laravel/framework/src/Illuminate/Support/helpers.php(320): Illuminate\\Encryption\\EncryptionServiceProvider->Illuminate\\Encryption\\{closure}()
#1 /home/sss/AmyLeeGaerty_6.2B_SSS/contactApp/contactApp/vendor/laravel/framework/src/Illuminate/Encryption/EncryptionServiceProvider.php(77): tap()
#2 /home/sss/AmyLeeGaerty_6.2B_SSS/contactApp/contactApp/vendor/laravel/framework/src/Illuminate/Encryption/EncryptionServiceProvider.php(60): Illuminate\\Encryption\\EncryptionServiceProvider->key()
#3 /home/sss/AmyLeeGaerty_6.2B_SSS/contactApp/contactApp/vendor/laravel/framework/src/Illuminate/Encryption/EncryptionServiceProvider.php(32): Illuminate\\Encryption\\EncryptionServiceProvider->parseKey()
#4 /home/sss/AmyLeeGaerty_6.2B_SSS/contactApp/contactApp/vendor/laravel/framework/src/Illuminate/Container/Container.php(908): Illuminate\\Encryption\\EncryptionServiceProvider->Illuminate\\Encryption\\{closure}()
#5 /home/sss/AmyLeeGaerty_6.2B_SSS/contactApp/contactApp/vendor/laravel/framework/src/Illuminate/Container/Container.php(795): Illuminate\\Container\\Container->build()
#6 /home/sss/AmyLeeGaerty_6.2B_SSS/contactApp/contactApp/vendor/laravel/framework/src/Illuminate/Foundation/Application.php(986): Illuminate\\Container\\Container->resolve()
#7 /home/sss/AmyLeeGaerty_6.2B_SSS/contactApp/contactApp/vendor/laravel/framework/src/Illuminate/Container/Container.php(731): Illuminate\\Foundation\\Application->resolve()
#8 /home/sss/AmyLeeGaerty_6.2B_SSS/contactApp/contactApp/vendor/laravel/framework/src/Illuminate/Foundation/Application.php(971): Illuminate\\Container\\Container->make()
#9 /home/sss/AmyLeeGaerty_6.2B_SSS/contactApp/contactApp/vendor/laravel/framework/src/Illuminate/Container/Container.php(1066): Illuminate\\Foundation\\Application->make()
#10 /home/sss/AmyLeeGaerty_6.2B_SSS/contactApp/contactApp/vendor/laravel/framework/src/Illuminate/Container/Container.php(982): Illuminate\\Container\\Container->resolveClass()
#11 /home/sss/AmyLeeGaerty_6.2B_SSS/contactApp/contactApp/vendor/laravel/framework/src/Illuminate/Container/Container.php(943): Illuminate\\Container\\Container->resolveDependencies()
#12 /home/sss/AmyLeeGaerty_6.2B_SSS/contactApp/contactApp/vendor/laravel/framework/src/Illuminate/Container/Container.php(795): Illuminate\\Container\\Container->build()
#13 /home/sss/AmyLeeGaerty_6.2B_SSS/contactApp/contactApp/vendor/laravel/framework/src/Illuminate/Foundation/Application.php(986): Illuminate\\Container\\Container->resolve()
#14 /home/sss/AmyLeeGaerty_6.2B_SSS/contactApp/contactApp/vendor/laravel/framework/src/Illuminate/Container/Container.php(731): Illuminate\\Foundation\\Application->resolve()
#15 /home/sss/AmyLeeGaerty_6.2B_SSS/contactApp/contactApp/vendor/laravel/framework/src/Illuminate/Foundation/Application.php(971): Illuminate\\Container\\Container->make()
#16 /home/sss/AmyLeeGaerty_6.2B_SSS/contactApp/contactApp/vendor/laravel/framework/src/Illuminate/Pipeline/Pipeline.php(172): Illuminate\\Foundation\\Application->make()
#17 /home/sss/AmyLeeGaerty_6.2B_SSS/contactApp/contactApp/vendor/laravel/framework/src/Illuminate/Pipeline/Pipeline.php(119): Illuminate\\Pipeline\\Pipeline->Illuminate\\Pipeline\\{closure}()
#18 /home/sss/AmyLeeGaerty_6.2B_SSS/contactApp/contactApp/vendor/laravel/framework/src/Illuminate/Routing/Router.php(805): Illuminate\\Pipeline\\Pipeline->then()
#19 /home/sss/AmyLeeGaerty_6.2B_SSS/contactApp/contactApp/vendor/laravel/framework/src/Illuminate/Routing/Router.php(784): Illuminate\\Routing\\Router->runRouteWithinStack()
#20 /home/sss/AmyLeeGaerty_6.2B_SSS/contactApp/contactApp/vendor/laravel/framework/src/Illuminate/Routing/Router.php(748): Illuminate\\Routing\\Router->runRoute()
#21 /home/sss/AmyLeeGaerty_6.2B_SSS/contactApp/contactApp/vendor/laravel/framework/src/Illuminate/Routing/Router.php(737): Illuminate\\Routing\\Router->dispatchToRoute()
#22 /home/sss/AmyLeeGaerty_6.2B_SSS/contactApp/contactApp/vendor/laravel/framework/src/Illuminate/Foundation/Http/Kernel.php(200): Illuminate\\Routing\\Router->dispatch()
#23 /home/sss/AmyLeeGaerty_6.2B_SSS/contactApp/contactApp/vendor/laravel/framework/src/Illuminate/Pipeline/Pipeline.php(144): Illuminate\\Foundation\\Http\\Kernel->Illuminate\\Foundation\\Http\\{closure}()
#24 /home/sss/AmyLeeGaerty_6.2B_SSS/contactApp/contactApp/vendor/laravel/framework/src/Illuminate/Foundation/Http/Middleware/TransformsRequest.php(21): Illuminate\\Pipeline\\Pipeline->Illuminate\\Pipeline\\{closure}()
#25 /home/sss/AmyLeeGaerty_6.2B_SSS/contactApp/contactApp/vendor/laravel/framework/src/Illuminate/Foundation/Http/Middleware/ConvertEmptyStringsToNull.php(31): Illuminate\\Foundation\\Http\\Middleware\\TransformsRequest->handle()
#26 /home/sss/AmyLeeGaerty_6.2B_SSS/contactApp/contactApp/vendor/laravel/framework/src/Illuminate/Pipeline/Pipeline.php(183): Illuminate\\Foundation\\Http\\Middleware\\ConvertEmptyStringsToNull->handle()
#27 /home/sss/AmyLeeGaerty_6.2B_SSS/contactApp/contactApp/vendor/laravel/framework/src/Illuminate/Foundation/Http/Middleware/TransformsRequest.php(21): Illuminate\\Pipeline\\Pipeline->Illuminate\\Pipeline\\{closure}()
#28 /home/sss/AmyLeeGaerty_6.2B_SSS/contactApp/contactApp/vendor/laravel/framework/src/Illuminate/Foundation/Http/Middleware/TrimStrings.php(40): Illuminate\\Foundation\\Http\\Middleware\\TransformsRequest->handle()
#29 /home/sss/AmyLeeGaerty_6.2B_SSS/contactApp/contactApp/vendor/laravel/framework/src/Illuminate/Pipeline/Pipeline.php(183): Illuminate\\Foundation\\Http\\Middleware\\TrimStrings->handle()
#30 /home/sss/AmyLeeGaerty_6.2B_SSS/contactApp/contactApp/vendor/laravel/framework/src/Illuminate/Foundation/Http/Middleware/ValidatePostSize.php(27): Illuminate\\Pipeline\\Pipeline->Illuminate\\Pipeline\\{closure}()
#31 /home/sss/AmyLeeGaerty_6.2B_SSS/contactApp/contactApp/vendor/laravel/framework/src/Illuminate/Pipeline/Pipeline.php(183): Illuminate\\Foundation\\Http\\Middleware\\ValidatePostSize->handle()
#32 /home/sss/AmyLeeGaerty_6.2B_SSS/contactApp/contactApp/vendor/laravel/framework/src/Illuminate/Foundation/Http/Middleware/PreventRequestsDuringMaintenance.php(99): Illuminate\\Pipeline\\Pipeline->Illuminate\\Pipeline\\{closure}()
#33 /home/sss/AmyLeeGaerty_6.2B_SSS/contactApp/contactApp/vendor/laravel/framework/src/Illuminate/Pipeline/Pipeline.php(183): Illuminate\\Foundation\\Http\\Middleware\\PreventRequestsDuringMaintenance->handle()
#34 /home/sss/AmyLeeGaerty_6.2B_SSS/contactApp/contactApp/vendor/laravel/framework/src/Illuminate/Http/Middleware/HandleCors.php(49): Illuminate\\Pipeline\\Pipeline->Illuminate\\Pipeline\\{closure}()
#35 /home/sss/AmyLeeGaerty_6.2B_SSS/contactApp/contactApp/vendor/laravel/framework/src/Illuminate/Pipeline/Pipeline.php(183): Illuminate\\Http\\Middleware\\HandleCors->handle()
#36 /home/sss/AmyLeeGaerty_6.2B_SSS/contactApp/contactApp/vendor/laravel/framework/src/Illuminate/Http/Middleware/TrustProxies.php(39): Illuminate\\Pipeline\\Pipeline->Illuminate\\Pipeline\\{closure}()
#37 /home/sss/AmyLeeGaerty_6.2B_SSS/contactApp/contactApp/vendor/laravel/framework/src/Illuminate/Pipeline/Pipeline.php(183): Illuminate\\Http\\Middleware\\TrustProxies->handle()
#38 /home/sss/AmyLeeGaerty_6.2B_SSS/contactApp/contactApp/vendor/laravel/framework/src/Illuminate/Pipeline/Pipeline.php(119): Illuminate\\Pipeline\\Pipeline->Illuminate\\Pipeline\\{closure}()
#39 /home/sss/AmyLeeGaerty_6.2B_SSS/contactApp/contactApp/vendor/laravel/framework/src/Illuminate/Foundation/Http/Kernel.php(175): Illuminate\\Pipeline\\Pipeline->then()
#40 /home/sss/AmyLeeGaerty_6.2B_SSS/contactApp/contactApp/vendor/laravel/framework/src/Illuminate/Foundation/Http/Kernel.php(144): Illuminate\\Foundation\\Http\\Kernel->sendRequestThroughRouter()
#41 /home/sss/AmyLeeGaerty_6.2B_SSS/contactApp/contactApp/public/index.php(51): Illuminate\\Foundation\\Http\\Kernel->handle()
#42 /home/sss/AmyLeeGaerty_6.2B_SSS/contactApp/contactApp/vendor/laravel/framework/src/Illuminate/Foundation/resources/server.php(16): require_once('...')
#43 {main}
"} 
[2025-12-01 21:47:24] production.ERROR: No application encryption key has been specified. {"exception":"[object] (Illuminate\\Encryption\\MissingAppKeyException(code: 0): No application encryption key has been specified. at /home/sss/AmyLeeGaerty_6.2B_SSS/contactApp/contactApp/vendor/laravel/framework/src/Illuminate/Encryption/EncryptionServiceProvider.php:79)
[stacktrace]
#0 /home/sss/AmyLeeGaerty_6.2B_SSS/contactApp/contactApp/vendor/laravel/framework/src/Illuminate/Support/helpers.php(320): Illuminate\\Encryption\\EncryptionServiceProvider->Illuminate\\Encryption\\{closure}()
#1 /home/sss/AmyLeeGaerty_6.2B_SSS/contactApp/contactApp/vendor/laravel/framework/src/Illuminate/Encryption/EncryptionServiceProvider.php(77): tap()
#2 /home/sss/AmyLeeGaerty_6.2B_SSS/contactApp/contactApp/vendor/laravel/framework/src/Illuminate/Encryption/EncryptionServiceProvider.php(60): Illuminate\\Encryption\\EncryptionServiceProvider->key()
#3 /home/sss/AmyLeeGaerty_6.2B_SSS/contactApp/contactApp/vendor/laravel/framework/src/Illuminate/Encryption/EncryptionServiceProvider.php(32): Illuminate\\Encryption\\EncryptionServiceProvider->parseKey()
#4 /home/sss/AmyLeeGaerty_6.2B_SSS/contactApp/contactApp/vendor/laravel/framework/src/Illuminate/Container/Container.php(908): Illuminate\\Encryption\\EncryptionServiceProvider->Illuminate\\Encryption\\{closure}()
#5 /home/sss/AmyLeeGaerty_6.2B_SSS/contactApp/contactApp/vendor/laravel/framework/src/Illuminate/Container/Container.php(795): Illuminate\\Container\\Container->build()
#6 /home/sss/AmyLeeGaerty_6.2B_SSS/contactApp/contactApp/vendor/laravel/framework/src/Illuminate/Foundation/Application.php(986): Illuminate\\Container\\Container->resolve()
#7 /home/sss/AmyLeeGaerty_6.2B_SSS/contactApp/contactApp/vendor/laravel/framework/src/Illuminate/Container/Container.php(731): Illuminate\\Foundation\\Application->resolve()
#8 /home/sss/AmyLeeGaerty_6.2B_SSS/contactApp/contactApp/vendor/laravel/framework/src/Illuminate/Foundation/Application.php(971): Illuminate\\Container\\Container->make()
#9 /home/sss/AmyLeeGaerty_6.2B_SSS/contactApp/contactApp/vendor/laravel/framework/src/Illuminate/Container/Container.php(1066): Illuminate\\Foundation\\Application->make()
#10 /home/sss/AmyLeeGaerty_6.2B_SSS/contactApp/contactApp/vendor/laravel/framework/src/Illuminate/Container/Container.php(982): Illuminate\\Container\\Container->resolveClass()
#11 /home/sss/AmyLeeGaerty_6.2B_SSS/contactApp/contactApp/vendor/laravel/framework/src/Illuminate/Container/Container.php(943): Illuminate\\Container\\Container->resolveDependencies()
#12 /home/sss/AmyLeeGaerty_6.2B_SSS/contactApp/contactApp/vendor/laravel/framework/src/Illuminate/Container/Container.php(795): Illuminate\\Container\\Container->build()
#13 /home/sss/AmyLeeGaerty_6.2B_SSS/contactApp/contactApp/vendor/laravel/framework/src/Illuminate/Foundation/Application.php(986): Illuminate\\Container\\Container->resolve()
#14 /home/sss/AmyLeeGaerty_6.2B_SSS/contactApp/contactApp/vendor/laravel/framework/src/Illuminate/Container/Container.php(731): Illuminate\\Foundation\\Application->resolve()
#15 /home/sss/AmyLeeGaerty_6.2B_SSS/contactApp/contactApp/vendor/laravel/framework/src/Illuminate/Foundation/Application.php(971): Illuminate\\Container\\Container->make()
#16 /home/sss/AmyLeeGaerty_6.2B_SSS/contactApp/contactApp/vendor/laravel/framework/src/Illuminate/Foundation/Http/Kernel.php(255): Illuminate\\Foundation\\Application->make()
#17 /home/sss/AmyLeeGaerty_6.2B_SSS/contactApp/contactApp/vendor/laravel/framework/src/Illuminate/Foundation/Http/Kernel.php(213): Illuminate\\Foundation\\Http\\Kernel->terminateMiddleware()
#18 /home/sss/AmyLeeGaerty_6.2B_SSS/contactApp/contactApp/public/index.php(55): Illuminate\\Foundation\\Http\\Kernel->terminate()
#19 /home/sss/AmyLeeGaerty_6.2B_SSS/contactApp/contactApp/vendor/laravel/framework/src/Illuminate/Foundation/resources/server.php(16): require_once('...')
#20 {main}
"} 
